// Jest Snapshot v1, https://goo.gl/fbAQLP

exports[`transformObj2Jsx transforms a more complex object 1`] = `
"display=\\"block\\"
margin={{ sm: 4, md: 8 }}
padding={[2, 3]}
background=\\"#1e2f5d\\"
fontSize={16}
fontFamily=\\"'Inter', sans-serif\\""
`;

exports[`transformObj2Jsx transforms a simple object 1`] = `"display=\\"block\\" fontSize={16}"`;
