// Jest Snapshot v1, https://goo.gl/fbAQLP

exports[`js2css transforms a more complex object 1`] = `
"display: block;
margin: { sm: 4, md: 8 };
padding: [2, 3];
background: #1e2f5d;
font-size: 16;
font-family: 'Inter', sans-serif;"
`;

exports[`js2css transforms a simple object 1`] = `
"display: block;
font-size: 16;"
`;
